<html>
<body>
<pre>
<h1>µVision Build Log</h1>
<h2>Project:</h2>
C:\Users\SeungWan\Desktop\linetracer\linetracer.uvproj
Project File Date:  07/28/2018

<h2>Output:</h2>
Build target 'Target 1'
linking...
Program Size: Code=780 RO-data=336 RW-data=20 ZI-data=1636  
".\Obj\linetracer.axf" - 0 Error(s), 0 Warning(s).
Build target 'Target 1'
compiling main.c...
main.c(9): warning:  #1-D: last line of file ends without a newline
linking...
Program Size: Code=792 RO-data=336 RW-data=20 ZI-data=1636  
".\Obj\linetracer.axf" - 0 Error(s), 1 Warning(s).
Build target 'Target 1'
linking...
Program Size: Code=792 RO-data=336 RW-data=20 ZI-data=1636  
".\Obj\linetracer.axf" - 0 Error(s), 0 Warning(s).
Build target 'Target 1'
linking...
Program Size: Code=792 RO-data=336 RW-data=20 ZI-data=1636  
".\Obj\linetracer.axf" - 0 Error(s), 0 Warning(s).
Build target 'Target 1'
linking...
Program Size: Code=792 RO-data=336 RW-data=20 ZI-data=1636  
".\Obj\linetracer.axf" - 0 Error(s), 0 Warning(s).
Build target 'Target 1'
linking...
Program Size: Code=792 RO-data=336 RW-data=20 ZI-data=1636  
".\Obj\linetracer.axf" - 0 Error(s), 0 Warning(s).
Rebuild target 'Target 1'
assembling startup_stm32f10x_hd.s...
compiling core_cm3.c...
compiling system_stm32f10x.c...
compiling main.c...
main.c(9): warning:  #1-D: last line of file ends without a newline
compiling misc.c...
compiling stm32f10x_adc.c...
compiling stm32f10x_bkp.c...
compiling stm32f10x_can.c...
compiling stm32f10x_cec.c...
compiling stm32f10x_crc.c...
compiling stm32f10x_dac.c...
compiling stm32f10x_dbgmcu.c...
compiling stm32f10x_dma.c...
compiling stm32f10x_exti.c...
compiling stm32f10x_flash.c...
compiling stm32f10x_fsmc.c...
compiling stm32f10x_gpio.c...
compiling stm32f10x_i2c.c...
compiling stm32f10x_iwdg.c...
compiling stm32f10x_pwr.c...
compiling stm32f10x_rcc.c...
compiling stm32f10x_rtc.c...
compiling stm32f10x_sdio.c...
compiling stm32f10x_spi.c...
compiling stm32f10x_tim.c...
compiling stm32f10x_usart.c...
compiling stm32f10x_wwdg.c...
linking...
Program Size: Code=792 RO-data=336 RW-data=20 ZI-data=1636  
".\Obj\linetracer.axf" - 0 Error(s), 1 Warning(s).
Rebuild target 'Target 1'
assembling startup_stm32f10x_hd.s...
compiling core_cm3.c...
compiling system_stm32f10x.c...
compiling main.c...
main.c(9): warning:  #1-D: last line of file ends without a newline
compiling misc.c...
compiling stm32f10x_adc.c...
compiling stm32f10x_bkp.c...
Project build/rebuild aborted.
Target not created
compiling main.c...
main.c(9): warning:  #1-D: last line of file ends without a newline
main.c - 0 Error(s), 1 Warning(s).
compiling main.c...
main.c - 0 Error(s), 0 Warning(s).
Rebuild target 'Target 1'
assembling startup_stm32f10x_hd.s...
compiling core_cm3.c...
compiling system_stm32f10x.c...
compiling main.c...
compiling misc.c...
compiling stm32f10x_adc.c...
compiling stm32f10x_bkp.c...
compiling stm32f10x_can.c...
compiling stm32f10x_cec.c...
compiling stm32f10x_crc.c...
compiling stm32f10x_dac.c...
compiling stm32f10x_dbgmcu.c...
compiling stm32f10x_dma.c...
compiling stm32f10x_exti.c...
compiling stm32f10x_flash.c...
compiling stm32f10x_fsmc.c...
compiling stm32f10x_gpio.c...
compiling stm32f10x_i2c.c...
compiling stm32f10x_iwdg.c...
compiling stm32f10x_pwr.c...
compiling stm32f10x_rcc.c...
compiling stm32f10x_rtc.c...
compiling stm32f10x_sdio.c...
compiling stm32f10x_spi.c...
compiling stm32f10x_tim.c...
compiling stm32f10x_usart.c...
compiling stm32f10x_wwdg.c...
linking...
Program Size: Code=792 RO-data=336 RW-data=20 ZI-data=1636  
".\Obj\linetracer.axf" - 0 Error(s), 0 Warning(s).
compiling main.c...
main.c - 0 Error(s), 0 Warning(s).
Rebuild target 'Target 1'
assembling startup_stm32f10x_hd.s...
compiling core_cm3.c...
compiling system_stm32f10x.c...
compiling main.c...
compiling misc.c...
compiling stm32f10x_adc.c...
compiling stm32f10x_bkp.c...
compiling stm32f10x_can.c...
compiling stm32f10x_cec.c...
compiling stm32f10x_crc.c...
compiling stm32f10x_dac.c...
compiling stm32f10x_dbgmcu.c...
compiling stm32f10x_dma.c...
compiling stm32f10x_exti.c...
compiling stm32f10x_flash.c...
compiling stm32f10x_fsmc.c...
compiling stm32f10x_gpio.c...
compiling stm32f10x_i2c.c...
compiling stm32f10x_iwdg.c...
compiling stm32f10x_pwr.c...
compiling stm32f10x_rcc.c...
compiling stm32f10x_rtc.c...
compiling stm32f10x_sdio.c...
compiling stm32f10x_spi.c...
compiling stm32f10x_tim.c...
compiling stm32f10x_usart.c...
compiling stm32f10x_wwdg.c...
linking...
Program Size: Code=792 RO-data=336 RW-data=20 ZI-data=1636  
FromELF: creating hex file...
".\Obj\linetracer.axf" - 0 Error(s), 0 Warning(s).
Build target 'Target 1'
linking...
Program Size: Code=792 RO-data=336 RW-data=20 ZI-data=1636  
FromELF: creating hex file...
".\Obj\linetracer.axf" - 0 Error(s), 0 Warning(s).
Build target 'Target 1'
linking...
Program Size: Code=792 RO-data=336 RW-data=20 ZI-data=1636  
FromELF: creating hex file...
".\Obj\linetracer.axf" - 0 Error(s), 0 Warning(s).
Rebuild target 'Target 1'
assembling startup_stm32f10x_hd.s...
compiling core_cm3.c...
compiling system_stm32f10x.c...
compiling main.c...
compiling misc.c...
compiling stm32f10x_adc.c...
compiling stm32f10x_bkp.c...
compiling stm32f10x_can.c...
compiling stm32f10x_cec.c...
compiling stm32f10x_crc.c...
compiling stm32f10x_dac.c...
compiling stm32f10x_dbgmcu.c...
compiling stm32f10x_dma.c...
compiling stm32f10x_exti.c...
compiling stm32f10x_flash.c...
compiling stm32f10x_fsmc.c...
compiling stm32f10x_gpio.c...
compiling stm32f10x_i2c.c...
compiling stm32f10x_iwdg.c...
compiling stm32f10x_pwr.c...
compiling stm32f10x_rcc.c...
compiling stm32f10x_rtc.c...
compiling stm32f10x_sdio.c...
compiling stm32f10x_spi.c...
compiling stm32f10x_tim.c...
compiling stm32f10x_usart.c...
compiling stm32f10x_wwdg.c...
linking...
.\Obj\linetracer.axf: error: L6047U: The size of this image (38296 bytes) exceeds the maximum allowed for this version of the linker
Target not created
Rebuild target 'Target 1'
assembling startup_stm32f10x_hd.s...
compiling core_cm3.c...
compiling system_stm32f10x.c...
compiling main.c...
compiling misc.c...
compiling stm32f10x_adc.c...
compiling stm32f10x_bkp.c...
compiling stm32f10x_can.c...
compiling stm32f10x_cec.c...
compiling stm32f10x_crc.c...
compiling stm32f10x_dac.c...
compiling stm32f10x_dbgmcu.c...
compiling stm32f10x_dma.c...
compiling stm32f10x_exti.c...
compiling stm32f10x_flash.c...
compiling stm32f10x_fsmc.c...
compiling stm32f10x_gpio.c...
compiling stm32f10x_i2c.c...
compiling stm32f10x_iwdg.c...
compiling stm32f10x_pwr.c...
compiling stm32f10x_rcc.c...
compiling stm32f10x_rtc.c...
compiling stm32f10x_sdio.c...
compiling stm32f10x_spi.c...
compiling stm32f10x_tim.c...
compiling stm32f10x_usart.c...
compiling stm32f10x_wwdg.c...
linking...
.\Obj\linetracer.axf: error: L6047U: The size of this image (38296 bytes) exceeds the maximum allowed for this version of the linker
Target not created
Build target 'Target 1'
compiling main.c...
main.h(468): warning:  #175-D: subscript out of range
main.h(468): warning:  #175-D: subscript out of range
main.h(468): warning:  #175-D: subscript out of range
main.h(468): warning:  #175-D: subscript out of range
main.h(469): warning:  #175-D: subscript out of range
main.h(469): warning:  #175-D: subscript out of range
main.h(469): warning:  #175-D: subscript out of range
main.h(469): warning:  #175-D: subscript out of range
main.h(488): warning:  #175-D: subscript out of range
main.h(488): warning:  #175-D: subscript out of range
main.h(488): warning:  #175-D: subscript out of range
main.h(488): warning:  #175-D: subscript out of range
main.h(489): warning:  #175-D: subscript out of range
main.h(489): warning:  #175-D: subscript out of range
main.h(489): warning:  #175-D: subscript out of range
main.h(489): warning:  #175-D: subscript out of range
main.h(596): warning:  #175-D: subscript out of range
ADC_ARM.h(20): error:  #20: identifier "RCC_ADC_B_ON" is undefined
ADC_ARM.h(21): error:  #20: identifier "RCC_ADC_C_ON" is undefined
ADC_ARM.h(35): error:  #20: identifier "GPIO_ADC_B" is undefined
ADC_ARM.h(37): error:  #20: identifier "ADC_B" is undefined
ADC_ARM.h(39): error:  #20: identifier "GPIO_ADC_C" is undefined
ADC_ARM.h(41): error:  #20: identifier "ADC_C" is undefined
Target not created
Build target 'Target 1'
compiling main.c...
main.h(468): warning:  #175-D: subscript out of range
main.h(468): warning:  #175-D: subscript out of range
main.h(468): warning:  #175-D: subscript out of range
main.h(468): warning:  #175-D: subscript out of range
main.h(469): warning:  #175-D: subscript out of range
main.h(469): warning:  #175-D: subscript out of range
main.h(469): warning:  #175-D: subscript out of range
main.h(469): warning:  #175-D: subscript out of range
main.h(488): warning:  #175-D: subscript out of range
main.h(488): warning:  #175-D: subscript out of range
main.h(488): warning:  #175-D: subscript out of range
main.h(488): warning:  #175-D: subscript out of range
main.h(489): warning:  #175-D: subscript out of range
main.h(489): warning:  #175-D: subscript out of range
main.h(489): warning:  #175-D: subscript out of range
main.h(489): warning:  #175-D: subscript out of range
main.h(596): warning:  #175-D: subscript out of range
ADC_ARM.h(20): error:  #20: identifier "RCC_ADC_B_ON" is undefined
ADC_ARM.h(21): error:  #20: identifier "RCC_ADC_C_ON" is undefined
Target not created
Build target 'Target 1'
compiling main.c...
main.h(468): warning:  #175-D: subscript out of range
main.h(468): warning:  #175-D: subscript out of range
main.h(468): warning:  #175-D: subscript out of range
main.h(468): warning:  #175-D: subscript out of range
main.h(469): warning:  #175-D: subscript out of range
main.h(469): warning:  #175-D: subscript out of range
main.h(469): warning:  #175-D: subscript out of range
main.h(469): warning:  #175-D: subscript out of range
main.h(488): warning:  #175-D: subscript out of range
main.h(488): warning:  #175-D: subscript out of range
main.h(488): warning:  #175-D: subscript out of range
main.h(488): warning:  #175-D: subscript out of range
main.h(489): warning:  #175-D: subscript out of range
main.h(489): warning:  #175-D: subscript out of range
main.h(489): warning:  #175-D: subscript out of range
main.h(489): warning:  #175-D: subscript out of range
main.h(596): warning:  #175-D: subscript out of range
linking...
.\Obj\linetracer.axf: error: L6047U: The size of this image (38116 bytes) exceeds the maximum allowed for this version of the linker
Target not created
Rebuild target 'Target 1'
assembling startup_stm32f10x_hd.s...
compiling core_cm3.c...
compiling system_stm32f10x.c...
compiling main.c...
main.h(566): warning:  #175-D: subscript out of range
compiling misc.c...
compiling stm32f10x_adc.c...
compiling stm32f10x_bkp.c...
compiling stm32f10x_can.c...
compiling stm32f10x_cec.c...
compiling stm32f10x_crc.c...
compiling stm32f10x_dac.c...
compiling stm32f10x_dbgmcu.c...
compiling stm32f10x_dma.c...
compiling stm32f10x_exti.c...
compiling stm32f10x_flash.c...
compiling stm32f10x_fsmc.c...
compiling stm32f10x_gpio.c...
compiling stm32f10x_i2c.c...
compiling stm32f10x_iwdg.c...
compiling stm32f10x_pwr.c...
compiling stm32f10x_rcc.c...
compiling stm32f10x_rtc.c...
compiling stm32f10x_sdio.c...
compiling stm32f10x_spi.c...
compiling stm32f10x_tim.c...
compiling stm32f10x_usart.c...
compiling stm32f10x_wwdg.c...
linking...
.\Obj\linetracer.axf: error: L6047U: The size of this image (36964 bytes) exceeds the maximum allowed for this version of the linker
Target not created
